// Jest Snapshot v1, https://goo.gl/fbAQLP

exports[`mount AppFooter component 1`] = `
"<footer class="container-fluid d-flex align-items-center justify-content-center p-2 bg-warning text-center">
  © 2022-2025 // Designed &amp; Coded with 💙 by Parents and Community Volunteers 🍼
</footer>"
`;
