// Jest Snapshot v1, https://goo.gl/fbAQLP

exports[`mount AppHero component 1`] = `
"<div class="greypicture">
  <section role="img" aria-label="Image Description" class="masthead">
    <h1>Find Infant Formula</h1>
    <form class="input-group input-group-lg"><span class="input-group-text"><svg xmlns="http://www.w3.org/2000/svg" width="16" height="16" fill="currentColor" viewBox="0 0 16 16" class="bi bi-search"><path d="M11.742 10.344a6.5 6.5 0 1 0-1.397 1.398h-.001c.03.04.062.078.098.115l3.85 3.85a1 1 0 0 0 1.415-1.414l-3.85-3.85a1.007 1.007 0 0 0-.115-.1zM12 6.5a5.5 5.5 0 1 1-11 0 5.5 5.5 0 0 1 11 0z"></path></svg></span> <input type="text" placeholder="Search by infant formula name..." aria-label="Baby Formula Name" class="form-control"> <button type="button" id="button-addon1" class="btn btn-dark round">Search</button></form>
  </section>
</div>"
`;
